// Jest Snapshot v1, https://goo.gl/fbAQLP

exports[`Button Should render a button, and matches with snapshot 1`] = `
<View
  accessible={true}
  focusable={true}
  onClick={[Function]}
  onResponderGrant={[Function]}
  onResponderMove={[Function]}
  onResponderRelease={[Function]}
  onResponderTerminate={[Function]}
  onResponderTerminationRequest={[Function]}
  onStartShouldSetResponder={[Function]}
  style={
    Object {
      "alignItems": "center",
      "backgroundColor": "#6600CA",
      "borderColor": "#6600CA",
      "borderRadius": 4,
      "borderWidth": 1,
      "justifyContent": "center",
      "marginBottom": 5,
      "marginTop": 5,
      "minHeight": 39,
      "opacity": 1,
      "paddingBottom": 8,
      "paddingLeft": 8,
      "paddingRight": 8,
      "paddingTop": 8,
      "width": "100%",
    }
  }
  testID="BUTTON_TEST_ID"
>
  <View
    alignItems="center"
    flexDirection="row"
    justifyContent="center"
    style={
      Array [
        Object {
          "alignItems": "center",
          "flexDirection": "row",
          "justifyContent": "center",
        },
      ]
    }
  >
    <Text
      fontWeight={700}
      style={
        Array [
          Object {
            "fontSize": 14,
            "fontWeight": "700",
            "lineHeight": 17,
          },
        ]
      }
      variant="small"
    >
      Test button
    </Text>
  </View>
</View>
`;
